eeschema (2013-05-16 BZR 4016)-stable  >> Creation date: 10/22/2013 6:15:05 PM
#Cmp ( order = Reference )
| C1         22pF        
| C2         22pF        
| C3         22pF        
| C4         330pF       
| C5         330pF       
| C6         330pF       
| C7         330pF       
| C8         1.8nF       
| C9         1.8nF       
| C10        1.8nF       
| C11        1.8nF       
| C12        100nF       
| C13        100nF       
| C14        1uF         
| C15        1uF         
| C16        1uF         
| C17        1uF         
| C18        1uF         
| C19        1uF         
| C20        1uF         
| C21        10uF        
| C22        10uF        
| C23        10uF        
| C24        10uF        
| C25        10uF        
| C26        10uF        
| C27        10uF        
| C28        10uF        
| C29        10uF        
| C30        10uF        
| C31        10uF        
| C32        10uF        
| D1         VF350mV     
| D2         POWER       
| HOLE1      CONN_1      
| HOLE2      CONN_1      
| L1         47uH        
| P1         USB         
| P2         USB_HEADER  
| P3         LINE_IN     
| P4         LINE_OUT    
| R1         2.2         
| R2         22          
| R3         22          
| R4         100         
| R5         100         
| R6         100         
| R7         100         
| R8         470         
| R9         1.5k        
| R10        1.5k        
| R11        1.5k        
| R12        1.5k        
| R13        3.9k        
| R14        3.9k        
| R15        3.9k        
| R16        3.9k        
| R17        12k         
| R18        12k         
| R19        12k         
| R20        12k         
| R21        12k         
| R22        12k         
| R23        12k         
| R24        12k         
| R25        13k         
| R26        27k         
| R27        1M          
| SW1        MUTE        
| SW2        VOL_UP      
| SW3        VOL_DOWN    
| U1         PCM2902C    
| U2         REG103UA    
| U3         PLR135/T8   
| U4         PLT133/T6A  
| U5         OPA2353     
| U6         OPA2353     
| X1         12MHz       
#End Cmp

#End List
